---
source: src/functions.rs
expression: formatted
---
fn something(request: String) -> String {
    unimplemented!()
}

